// Jest Snapshot v1, https://goo.gl/fbAQLP

exports[`<AdminNavbar/> Component Check if renders correctly 1`] = `
<div>
  <nav
    class="admin-navbar "
  >
    <ul
      class="admin-navbar__items-container"
    >
      <li
        class="admin-navbar__item-header"
      >
        <span
          class="admin-navbar__item-icon"
        >
          <i
            aria-hidden="true"
            class="fas fa-bars"
          />
        </span>
        <h4
          class="admin-navbar__item-title"
        >
          Admin Blog
        </h4>
      </li>
      <li
        class="admin-navbar__item"
      >
        <a
          href="/"
        >
          <span
            class="admin-navbar__item-icon"
          >
            <i
              aria-hidden="true"
              class="fas fa-globe-americas"
            />
          </span>
          <span
            class="admin-navbar__item-text"
          >
            Back to Website
          </span>
        </a>
      </li>
      <li
        class="admin-navbar__item"
      >
        <a
          href="/admin"
        >
          <span
            class="admin-navbar__item-icon"
          >
            <i
              aria-hidden="true"
              class="fas fa-th-large"
            />
          </span>
          <span
            class="admin-navbar__item-text"
          >
            Dashboard
          </span>
        </a>
      </li>
      <li
        class="admin-navbar__item"
      >
        <a
          href="/admin/articles"
        >
          <span
            class="admin-navbar__item-icon"
          >
            <i
              aria-hidden="true"
              class="fas fa-images"
            />
          </span>
          <span
            class="admin-navbar__item-text"
          >
            Articles
          </span>
        </a>
      </li>
      <li
        class="admin-navbar__item"
      >
        <a
          href="/admin/projects"
        >
          <span
            class="admin-navbar__item-icon"
          >
            <i
              aria-hidden="true"
              class="fas fa-folder-open"
            />
          </span>
          <span
            class="admin-navbar__item-text"
          >
            Projects
          </span>
        </a>
      </li>
      <li
        class="admin-navbar__item"
      >
        <a
          href="/admin/messages"
        >
          <span
            class="admin-navbar__item-icon"
          >
            <i
              aria-hidden="true"
              class="fas fa-envelope"
            />
            <span
              class="admin-navbar__item-badge"
            >
              0
            </span>
          </span>
          <span
            class="admin-navbar__item-text"
          >
            Messages
          </span>
        </a>
      </li>
    </ul>
  </nav>
</div>
`;
