// Jest Snapshot v1, https://goo.gl/fbAQLP

exports[`<AdminLogin/> Component Check if renders correctly 1`] = `
<div>
  <div>
    <div
      class="container-fluid"
    >
      <div
        class="row justify-content-center"
      >
        <div
          class="col-12 col-md-6"
        >
          <form>
            <h2
              class="title mb-3"
            >
              Contact Me
            </h2>
            <input
              autocomplete="username"
              class="formulary__input"
              placeholder="Username"
              required=""
              type="text"
            />
            <input
              autocomplete="password"
              class="formulary__input"
              placeholder="Password"
              required=""
              type="password"
            />
            <p
              class="text-danger"
            />
            <button
              class="submit-button"
            >
              Login
            </button>
          </form>
        </div>
      </div>
    </div>
    <script
      src="https://cdn.jsdelivr.net/npm/chart.js@2.9.3/dist/Chart.min.js"
    />
    <script
      src="https://code.jquery.com/jquery-3.4.1.slim.min.js"
    />
    <script
      src="https://cdn.jsdelivr.net/npm/popper.js@1.16.0/dist/umd/popper.min.js"
    />
    <script
      src="https://stackpath.bootstrapcdn.com/bootstrap/4.4.1/js/bootstrap.min.js"
    />
    <script
      src="https://kit.fontawesome.com/63ef8f1397.js"
    />
  </div>
</div>
`;
