// Jest Snapshot v1, https://goo.gl/fbAQLP

exports[`Articles page Check if renders correctly 1`] = `
<div>
  <div>
    <div
      class="full-screen-loader "
    >
      <div
        class="full-screen-loader__spinner spinner-border text-light"
        role="status"
      >
        <span
          class="sr-only"
        >
          Loading...
        </span>
      </div>
      <h3
        class="full-screen-loader__text"
      >
        Loading...
      </h3>
    </div>
    <header>
      <nav
        class="navbar navbar-expand-md navbar-dark"
      >
        <a
          class="navbar-brand navbar__brand"
          href="/"
        >
          <img
            alt="Icon"
            class="d-inline-block align-top rounded-circle"
            height="50"
            src="/favicon.ico"
            width="50"
          />
          <h1
            class="navbar__title"
          >
            Fernando Vaca Tamayo
          </h1>
        </a>
        <button
          aria-controls="main-navbar"
          aria-expanded="false"
          aria-label="Toggle navigation"
          class="navbar-toggler"
          data-target="#main-navbar"
          data-toggle="collapse"
          type="button"
        >
          <span
            class="navbar-toggler-icon"
          />
        </button>
        <div
          class="collapse navbar-collapse navbar__items"
          id="main-navbar"
        >
          <ul
            class="navbar-nav"
          >
            <li
              class="nav-item"
            >
              <a
                class="nav-link navbar__link"
                href="/"
              >
                Home
              </a>
            </li>
            <li
              class="nav-item"
            >
              <a
                class="nav-link navbar__link"
                href="/articles"
              >
                Articles
              </a>
            </li>
            <li
              class="nav-item"
            >
              <a
                class="nav-link navbar__link"
                href="/projects"
              >
                Projects
              </a>
            </li>
            <li
              class="nav-item"
            >
              <a
                class="nav-link navbar__link"
                href="/contact-me"
              >
                Contact me
              </a>
            </li>
          </ul>
        </div>
      </nav>
    </header>
    <div
      class="body"
    >
      <div
        class="articles-container container-fluid"
      >
        <div
          class="row mt-4"
        >
          <div
            class="col-12"
          >
            <div
              class="row articles-container__header"
            >
              <div
                class="col-10 col-sm-6 col-lg-8"
              >
                <h2
                  class="title articles-container__title"
                >
                  Articles
                </h2>
              </div>
              <div
                class="col-2 col-sm-6 col-lg-4"
              >
                <div
                  class="articles-filter"
                >
                  <form>
                    <div
                      class="articles-filter__search-container"
                    >
                      <input
                        autocomplete="search"
                        class="formulary__input"
                        placeholder="Search article"
                        type="search"
                        value=""
                      />
                      <button
                        class="articles-filter__search-button"
                        type="submit"
                      >
                        <i
                          aria-hidden="true"
                          class="fas fa-search"
                        />
                      </button>
                    </div>
                    <div
                      class="articles-filter__filter "
                    >
                      <input
                        autocomplete="search"
                        class="formulary__input articles-filter__filter-search"
                        placeholder="Search article"
                        type="search"
                        value=""
                      />
                      <div
                        class="articles-filter__categories-container"
                      >
                        <h4
                          class="articles-filter__categories-title"
                        >
                          Categories
                        </h4>
                        <div
                          class="aticles-filter__categories"
                        >
                          <div
                            class="articles-filter__category"
                          >
                            <input
                              class="articles-filter__checkbox"
                              id="category-Technology"
                              type="checkbox"
                            />
                            <label
                              class="articles-filter__label"
                              for="category-Technology"
                            >
                              <span
                                class="articles-filter__label-checkbox"
                              />
                              Technology
                            </label>
                          </div>
                          <div
                            class="articles-filter__category"
                          >
                            <input
                              checked=""
                              class="articles-filter__checkbox"
                              id="category-Landscapes"
                              type="checkbox"
                            />
                            <label
                              class="articles-filter__label"
                              for="category-Landscapes"
                            >
                              <span
                                class="articles-filter__label-checkbox"
                              />
                              Landscapes
                            </label>
                          </div>
                          <div
                            class="articles-filter__category"
                          >
                            <input
                              class="articles-filter__checkbox"
                              id="category-Travels"
                              type="checkbox"
                            />
                            <label
                              class="articles-filter__label"
                              for="category-Travels"
                            >
                              <span
                                class="articles-filter__label-checkbox"
                              />
                              Travels
                            </label>
                          </div>
                        </div>
                        <button
                          class="submit-button articles-filter__set-categories-button"
                          type="submit"
                        >
                          Set Categories
                        </button>
                      </div>
                    </div>
                    <a
                      class="articles-filter__filter-button "
                      href="#"
                    >
                      <i
                        aria-hidden="true"
                        class="fas fa-sort-amount-down-alt"
                      />
                    </a>
                  </form>
                </div>
              </div>
            </div>
          </div>
        </div>
        <div
          class="row"
        >
          <div
            class="col-12 col-lg-6 mt-4"
          >
            <div
              class="article-card"
            >
              <img
                alt="Test article"
                class="article-card__cover"
                src="/img/articles/article-1.jpg"
              />
              <div
                class="article-card__details"
              >
                <h3
                  class="article-card__title"
                >
                  Test article
                </h3>
                <p
                  class="article-card__description"
                >
                  Test description
                </p>
                <a
                  class="article-card__link"
                  href="/article/2"
                >
                  Continue Reading
                  <i
                    aria-hidden="true"
                    class="fas fa-arrow-right ml-1"
                  />
                </a>
              </div>
            </div>
          </div>
          <div
            class="col-12 col-lg-6 mt-4"
          >
            <div
              class="article-card"
            >
              <img
                alt="Test article 2"
                class="article-card__cover"
                src="/img/articles/article-2.jpg"
              />
              <div
                class="article-card__details"
              >
                <h3
                  class="article-card__title"
                >
                  Test article 2
                </h3>
                <p
                  class="article-card__description"
                >
                  Test description 2
                </p>
                <a
                  class="article-card__link"
                  href="/article/3"
                >
                  Continue Reading
                  <i
                    aria-hidden="true"
                    class="fas fa-arrow-right ml-1"
                  />
                </a>
              </div>
            </div>
          </div>
          <div
            class="col-12 col-lg-6 mt-4"
          >
            <div
              class="article-card"
            >
              <img
                alt="Test article 3"
                class="article-card__cover"
                src="/img/articles/article-3.jpg"
              />
              <div
                class="article-card__details"
              >
                <h3
                  class="article-card__title"
                >
                  Test article 3
                </h3>
                <p
                  class="article-card__description"
                >
                  Test description 3
                </p>
                <a
                  class="article-card__link"
                  href="/article/4"
                >
                  Continue Reading
                  <i
                    aria-hidden="true"
                    class="fas fa-arrow-right ml-1"
                  />
                </a>
              </div>
            </div>
          </div>
        </div>
        <div
          class="row mt-3"
        >
          <div
            class="col-12"
          >
            <div
              class="pagination"
            >
              <a
                class="pagination__arrow"
                href="#"
              >
                <i
                  aria-hidden="true"
                  class="fas fa-chevron-left"
                />
              </a>
              <ul
                class="pagination__number-container"
              >
                <li
                  class="pagination__number-item"
                >
                  <a
                    class="pagination__number "
                    href="#"
                  >
                    2
                  </a>
                </li>
                <li
                  class="pagination__number-item"
                >
                  <a
                    class="pagination__number "
                    href="#"
                  >
                    3
                  </a>
                </li>
                <li
                  class="pagination__number-item"
                >
                  <a
                    class="pagination__number "
                    href="#"
                  >
                    4
                  </a>
                </li>
                <li
                  class="pagination__number-item"
                >
                  <a
                    class="pagination__number "
                    href="#"
                  >
                    5
                  </a>
                </li>
                <li
                  class="pagination__number-item"
                >
                  <a
                    class="pagination__number pagination__number--active"
                    href="#"
                  >
                    6
                  </a>
                </li>
                <li
                  class="pagination__number-item"
                >
                  <a
                    class="pagination__number "
                    href="#"
                  >
                    7
                  </a>
                </li>
                <li
                  class="pagination__number-item"
                >
                  <a
                    class="pagination__number "
                    href="#"
                  >
                    8
                  </a>
                </li>
              </ul>
              <a
                class="pagination__arrow"
                href="#"
              >
                <i
                  aria-hidden="true"
                  class="fas fa-chevron-right"
                />
              </a>
            </div>
          </div>
        </div>
      </div>
    </div>
    <footer
      class="main-footer container-fluid mt-4"
    >
      <div
        class="full-screen-loader "
      >
        <div
          class="full-screen-loader__spinner spinner-border text-light"
          role="status"
        >
          <span
            class="sr-only"
          >
            Loading...
          </span>
        </div>
        <h3
          class="full-screen-loader__text"
        >
          Loading...
        </h3>
      </div>
      <div
        class="modal fade"
        id="-modal"
        role="dialog"
        tabindex="-1"
      >
        <div
          class="modal-dialog "
          role="document"
        >
          <div
            class="modal-content modal__content"
          >
            <div
              class="modal-header modal__header"
            >
              <h5
                class="modal__title"
              >
                Suscription confirm status
              </h5>
              <button
                aria-label="Close"
                class="close modal__button"
                data-dismiss="modal"
                type="button"
              >
                <span
                  aria-hidden="true"
                >
                  ×
                </span>
              </button>
            </div>
            <div
              class="modal-body modal__body"
            >
              <p />
            </div>
          </div>
        </div>
      </div>
      <div
        class="row"
      >
        <div
          class="col-12 col-sm-6 col-xl-3"
        >
          <a
            class="main-footer__brand"
            href="/"
          >
            <img
              alt="Icon"
              class="d-inline-block align-top rounded-circle"
              height="50"
              src="/favicon.ico"
              width="50"
            />
            <h3
              class="main-footer__title"
            >
              Fernando Vaca Tamayo
            </h3>
          </a>
          <div
            class="mt-4"
          >
            <h3
              class="main-footer__subtitle"
            >
              Contact Me
            </h3>
            <p>
              <i
                aria-hidden="true"
                class="fas fa-envelope main-footer__icon"
              />
              <span
                class="main-footer__text"
              >
                vacatamayo321@gmail.com
              </span>
            </p>
          </div>
        </div>
        <div
          class="col-12 col-sm-6 col-xl-3"
        >
          <h3
            class="main-footer__subtitle"
          >
            Social Networks
          </h3>
          <a
            href="https://twitter.com/FernandoVT10"
            target="_blank"
          >
            <p>
              <i
                aria-hidden="true"
                class="fab fa-twitter main-footer__icon"
              />
              <span
                class="main-footer__text"
              >
                @FernandoVT10
              </span>
            </p>
          </a>
          <a
            href="https://github.com/FernandoVT10"
            target="_blank"
          >
            <p>
              <i
                aria-hidden="true"
                class="fab fa-github main-footer__icon"
              />
              <span
                class="main-footer__text"
              >
                FernandoVT10
              </span>
            </p>
          </a>
        </div>
        <div
          class="col-12 col-sm-6 col-xl-3"
        >
          <h3
            class="main-footer__subtitle"
          >
            Description
          </h3>
          <p
            class="main-footer__description"
          >
            This blog is my personal blog xD
          </p>
        </div>
        <div
          class="col-12 col-sm-6 col-xl-3"
        >
          <h3
            class="main-footer__subtitle"
          >
            Suscribe to my blog
          </h3>
          <form>
            <div
              class="formulary__input-container"
            >
              <input
                autocomplete="email"
                class="formulary__input "
                id="-input"
                maxlength="100"
                placeholder="Enter your email"
                required=""
                type="email"
              />
              <label
                class="formulary__error-label mt-2 "
                for="-input"
              >
                <i
                  aria-hidden="true"
                  class="fas fa-info-circle mr-1"
                />
                
              </label>
            </div>
            <button
              class="submit-button mt-3"
            >
              Suscribe
            </button>
          </form>
        </div>
      </div>
    </footer>
    <script
      src="https://code.jquery.com/jquery-3.4.1.slim.min.js"
    />
    <script
      src="https://cdn.jsdelivr.net/npm/popper.js@1.16.0/dist/umd/popper.min.js"
    />
    <script
      src="https://stackpath.bootstrapcdn.com/bootstrap/4.4.1/js/bootstrap.min.js"
    />
    <script
      src="https://kit.fontawesome.com/63ef8f1397.js"
    />
  </div>
</div>
`;
