// Jest Snapshot v1, https://goo.gl/fbAQLP

exports[`<Articles/> Component Check if renders correctly It should render with data 1`] = `
<div>
  <div
    class="statistics-articles"
  >
    <div
      class="statistics-articles__card"
    >
      <div
        class="statistics-articles__card-content"
      >
        <span
          class="statistics-articles__card-label"
        >
          Most Viewed Article This Month
        </span>
        <span
          class="statistics-articles__card-views"
        >
          3951
        </span>
        <img
          alt="Most Viewed Article This Month"
          class="statistics-articles__card-cover"
          src="/img/articles/month-cover-1.jpg"
        />
        <h3
          class="statistics-articles__card-title"
        >
          Month view mock #1
        </h3>
        <div
          class="statistics-articles__articles-list"
        >
          <div
            class="statistics-articles__articles-list-item"
          >
            <img
              alt="Article Cover"
              class="statistics-articles__articles-list-cover"
              src="/img/articles/month-cover-2.jpg"
            />
            <span
              class="statistics-articles__articles-list-title"
            >
              Month view mock #2
            </span>
            <span
              class="statistics-articles__articles-list-views"
            >
              1915
            </span>
          </div>
          <div
            class="statistics-articles__articles-list-item"
          >
            <img
              alt="Article Cover"
              class="statistics-articles__articles-list-cover"
              src="/img/articles/month-cover-1.jpg"
            />
            <span
              class="statistics-articles__articles-list-title"
            >
              Month view mock #1
            </span>
            <span
              class="statistics-articles__articles-list-views"
            >
              1422
            </span>
          </div>
        </div>
      </div>
      <div
        class="statistics-articles__card-footer"
      >
        <span
          class="statistics-articles__card-footer-text"
        >
          Show All Articles
        </span>
      </div>
    </div>
    <div
      class="statistics-articles__card"
    >
      <div
        class="statistics-articles__card-content"
      >
        <span
          class="statistics-articles__card-label"
        >
          Most Viewed Article This Day
        </span>
        <span
          class="statistics-articles__card-views"
        >
          3951
        </span>
        <img
          alt="Most Viewed Article This Day"
          class="statistics-articles__card-cover"
          src="/img/articles/day-cover-1.jpg"
        />
        <h3
          class="statistics-articles__card-title"
        >
          Day view mock #1
        </h3>
        <div
          class="statistics-articles__articles-list"
        >
          <div
            class="statistics-articles__articles-list-item"
          >
            <img
              alt="Article Cover"
              class="statistics-articles__articles-list-cover"
              src="/img/articles/day-cover-2.jpg"
            />
            <span
              class="statistics-articles__articles-list-title"
            >
              Day view mock #2
            </span>
            <span
              class="statistics-articles__articles-list-views"
            >
              1915
            </span>
          </div>
          <div
            class="statistics-articles__articles-list-item"
          >
            <img
              alt="Article Cover"
              class="statistics-articles__articles-list-cover"
              src="/img/articles/day-cover-1.jpg"
            />
            <span
              class="statistics-articles__articles-list-title"
            >
              Day view mock #1
            </span>
            <span
              class="statistics-articles__articles-list-views"
            >
              1422
            </span>
          </div>
        </div>
      </div>
      <div
        class="statistics-articles__card-footer"
      >
        <span
          class="statistics-articles__card-footer-text"
        >
          Show All Articles
        </span>
      </div>
    </div>
  </div>
</div>
`;

exports[`<Articles/> Component Check if renders correctly It should render without data 1`] = `
<div>
  <div
    class="statistics-articles"
  >
    <div
      class="statistics-articles__card"
    >
      <div
        class="statistics-articles__card-content"
      >
        <span
          class="statistics-articles__card-label"
        >
          Most Viewed Article This Month
        </span>
        <span
          class="statistics-articles__card-views--loading"
        />
        <span
          class="statistics-articles__card-cover--loading"
        />
        <span
          class="statistics-articles__card-title--loading"
        />
        <div
          class="statistics-articles__articles-list"
        />
      </div>
      <div
        class="statistics-articles__card-footer"
      >
        <div
          class="spinner-border text-gray"
          role="status"
        >
          <span
            class="sr-only"
          >
            Loading...
          </span>
        </div>
      </div>
    </div>
    <div
      class="statistics-articles__card"
    >
      <div
        class="statistics-articles__card-content"
      >
        <span
          class="statistics-articles__card-label"
        >
          Most Viewed Article This Day
        </span>
        <span
          class="statistics-articles__card-views--loading"
        />
        <span
          class="statistics-articles__card-cover--loading"
        />
        <span
          class="statistics-articles__card-title--loading"
        />
        <div
          class="statistics-articles__articles-list"
        />
      </div>
      <div
        class="statistics-articles__card-footer"
      >
        <div
          class="spinner-border text-gray"
          role="status"
        >
          <span
            class="sr-only"
          >
            Loading...
          </span>
        </div>
      </div>
    </div>
  </div>
</div>
`;
