// Jest Snapshot v1, https://goo.gl/fbAQLP

exports[`<ArticleFilter/> Component Check if renders correctly 1`] = `
<div>
  <div
    class="articles-filter"
  >
    <form>
      <div
        class="articles-filter__search-container"
      >
        <input
          autocomplete="search"
          class="formulary__input"
          placeholder="Search article"
          type="search"
          value=""
        />
        <button
          class="articles-filter__search-button"
          type="submit"
        >
          <i
            aria-hidden="true"
            class="fas fa-search"
          />
        </button>
      </div>
      <div
        class="articles-filter__filter "
      >
        <input
          autocomplete="search"
          class="formulary__input articles-filter__filter-search"
          placeholder="Search article"
          type="search"
          value=""
        />
        <div
          class="articles-filter__categories-container"
        >
          <h4
            class="articles-filter__categories-title"
          >
            Categories
          </h4>
          <div
            class="aticles-filter__categories"
          >
            <div
              class="articles-filter__category"
            >
              <input
                class="articles-filter__checkbox"
                id="category-Technology"
                type="checkbox"
              />
              <label
                class="articles-filter__label"
                for="category-Technology"
              >
                <span
                  class="articles-filter__label-checkbox"
                />
                Technology
              </label>
            </div>
            <div
              class="articles-filter__category"
            >
              <input
                class="articles-filter__checkbox"
                id="category-Landscapes"
                type="checkbox"
              />
              <label
                class="articles-filter__label"
                for="category-Landscapes"
              >
                <span
                  class="articles-filter__label-checkbox"
                />
                Landscapes
              </label>
            </div>
            <div
              class="articles-filter__category"
            >
              <input
                class="articles-filter__checkbox"
                id="category-Travels"
                type="checkbox"
              />
              <label
                class="articles-filter__label"
                for="category-Travels"
              >
                <span
                  class="articles-filter__label-checkbox"
                />
                Travels
              </label>
            </div>
          </div>
          <button
            class="submit-button articles-filter__set-categories-button"
            type="submit"
          >
            Set Categories
          </button>
        </div>
      </div>
      <a
        class="articles-filter__filter-button "
        href="#"
      >
        <i
          aria-hidden="true"
          class="fas fa-sort-amount-down-alt"
        />
      </a>
    </form>
  </div>
</div>
`;
