// Jest Snapshot v1, https://goo.gl/fbAQLP

exports[`Check if <Loader/> renders correctly 1`] = `
<div
  className="loader loader--active"
  style={
    Object {
      "height": 300,
    }
  }
>
  <div
    className="spinner-border text-light loader__spinner"
    role="status"
  >
    <span
      className="sr-only"
    >
      Loading...
    </span>
  </div>
</div>
`;
