// Jest Snapshot v1, https://goo.gl/fbAQLP

exports[`Check if <Navbar/> renders correctly 1`] = `
<header>
  <nav
    className="navbar navbar-expand-md navbar-dark"
  >
    <a
      className="navbar-brand navbar__brand"
      href="/"
      onClick={[Function]}
      onMouseEnter={[Function]}
    >
      <img
        alt="Icon"
        className="d-inline-block align-top rounded-circle"
        height="50"
        src="/favicon.ico"
        width="50"
      />
      <h1
        className="navbar__title"
      >
        Fernando Vaca Tamayo
      </h1>
    </a>
    <button
      aria-controls="main-navbar"
      aria-expanded="false"
      aria-label="Toggle navigation"
      className="navbar-toggler"
      data-target="#main-navbar"
      data-toggle="collapse"
      type="button"
    >
      <span
        className="navbar-toggler-icon"
      />
    </button>
    <div
      className="collapse navbar-collapse navbar__items"
      id="main-navbar"
    >
      <ul
        className="navbar-nav"
      >
        <li
          className="nav-item"
        >
          <a
            className="nav-link navbar__link"
            href="/"
            onClick={[Function]}
            onMouseEnter={[Function]}
          >
            Home
          </a>
        </li>
        <li
          className="nav-item"
        >
          <a
            className="nav-link navbar__link"
            href="/articles"
            onClick={[Function]}
            onMouseEnter={[Function]}
          >
            Articles
          </a>
        </li>
        <li
          className="nav-item"
        >
          <a
            className="nav-link navbar__link"
            href="/projects"
            onClick={[Function]}
            onMouseEnter={[Function]}
          >
            Projects
          </a>
        </li>
        <li
          className="nav-item"
        >
          <a
            className="nav-link navbar__link"
            href="/contact-me"
            onClick={[Function]}
            onMouseEnter={[Function]}
          >
            Contact me
          </a>
        </li>
      </ul>
    </div>
  </nav>
</header>
`;
