// Jest Snapshot v1, https://goo.gl/fbAQLP

exports[`Check if <SkillCard/> renders correctly 1`] = `
<div
  className="skill mb-3"
  onClick={[Function]}
  onMouseEnter={[Function]}
>
  <div
    className="skill__image-container"
  >
    <img
      alt="React JS"
      className="skill__image"
      src="/img/skills/skill-1.jpg"
    />
    <span
      className="skill__image-hover"
      style={
        Object {
          "background": "blue",
        }
      }
    />
  </div>
  <div
    className="skill__title"
    style={
      Object {
        "background": "blue",
      }
    }
  >
    React JS
  </div>
</div>
`;
